// Jest Snapshot v1, https://goo.gl/fbAQLP

exports[`Collection renders correctly with default values 1`] = `
<ul
  class="weave-collection weave-collection--hoverable"
>
  <li
    class="weave-collection__item u-inset--sm"
  >
    Item
  </li>
  <li
    class="weave-collection__item u-inset--sm weave-collection-indicator weave-collection-indicator--alert"
  >
    Item 2
  </li>
  <li
    class="weave-collection__item u-inset--sm"
  >
    Item 2
  </li>
  <li>
    Some other child
  </li>
</ul>
`;
