// Jest Snapshot v1, https://goo.gl/fbAQLP

exports[`Icon renders correctly 1`] = `
<svg
  height={24}
  style={
    Object {
      "verticalAlign": "middle",
    }
  }
  viewBox="0 0 24 24"
  width={24}
  xmlns="http://www.w3.org/2000/svg"
>
  <title>
    close
  </title>
  <path
    d="M19 6.41 17.59 5 12 10.59 6.41 5 5 6.41 10.59 12 5 17.59 6.41 19 12 13.41 17.59 19 19 17.59 13.41 12 Z"
    fill="#000000"
  />
  <polygon
    fillOpacity="0"
    points="0 0 24 0 24 24 0 24"
  />
</svg>
`;

exports[`Icon renders null if name is not valid 1`] = `""`;
